<?xml version="1.0" encoding="UTF-8" ?>
<testsuites name="vitest tests" tests="1" failures="0" errors="0" time="0.002478224">
    <testsuite name="src/__tests__/smoke.test.ts" timestamp="2025-10-03T23:18:33.990Z" hostname="runnervm3ublj" tests="1" failures="0" errors="0" skipped="0" time="0.002478224">
        <testcase classname="src/__tests__/smoke.test.ts" name="smoke &gt; adds numbers" time="0.00131225">
        </testcase>
    </testsuite>
</testsuites>
